// Jest Snapshot v1, https://goo.gl/fbAQLP

exports[`model creating a model 1`] = `
Object {
  "product": Object {
    "id": "number",
    "name": "string",
  },
  "token": Object {
    "token": "string",
    "user": "number",
  },
  "user": Object {
    "id": "number",
    "token": "hasOne",
    "username": "string",
    "wishlist": "hasOne",
  },
  "wishlist": Object {
    "id": "number",
    "products": "hasMany",
  },
}
`;
